[themesbrand.com/invoika/layouts/index-dark.html]
[backblue.gif]
[fade.gif]
[index.html]
[themesbrand.com/invoika/layouts/assets/images/favicon.ico]
[themesbrand.com/invoika/layouts/assets/libs/jsvectormap/css/jsvectormap.min.css]
[themesbrand.com/invoika/layouts/assets/js/layout.js]
[themesbrand.com/invoika/layouts/assets/css/bootstrap.min.css]
[themesbrand.com/invoika/layouts/assets/css/app.min.css]
[themesbrand.com/invoika/layouts/assets/css/icons.min.css]
[themesbrand.com/invoika/layouts/index.html]
[themesbrand.com/invoika/layouts/assets/images/logo-sm.png]
[themesbrand.com/invoika/layouts/assets/images/logo-dark.png]
[themesbrand.com/invoika/layouts/assets/images/logo-light.png]
[themesbrand.com/invoika/layouts/assets/images/users/avatar-2.jpg]
[themesbrand.com/invoika/layouts/assets/images/users/avatar-3.jpg]
[themesbrand.com/invoika/layouts/assets/images/users/avatar-5.jpg]
[themesbrand.com/invoika/layouts/assets/images/users/avatar-8.jpg]
[themesbrand.com/invoika/layouts/assets/images/users/avatar-4.jpg]
[themesbrand.com/invoika/layouts/auth-lockscreen.html]
[themesbrand.com/invoika/layouts/invoice.html]
[themesbrand.com/invoika/layouts/invoice-add.html]
[themesbrand.com/invoika/layouts/invoice-details.html]
[themesbrand.com/invoika/layouts/payments.html]
[themesbrand.com/invoika/layouts/taxes.html]
[themesbrand.com/invoika/layouts/product-list.html]
[themesbrand.com/invoika/layouts/product-add.html]
[themesbrand.com/invoika/layouts/payment-summary.html]
[themesbrand.com/invoika/layouts/sale-report.html]
[themesbrand.com/invoika/layouts/expenses-report.html]
[themesbrand.com/invoika/layouts/user.html]
[themesbrand.com/invoika/layouts/transaction-list.html]
[themesbrand.com/invoika/layouts/transaction-new.html]
[themesbrand.com/invoika/layouts/auth-signin.html]
[themesbrand.com/invoika/layouts/auth-signup.html]
[themesbrand.com/invoika/layouts/auth-pass-reset.html]
[themesbrand.com/invoika/layouts/ui-alerts.html]
[themesbrand.com/invoika/layouts/ui-badges.html]
[themesbrand.com/invoika/layouts/ui-buttons.html]
[themesbrand.com/invoika/layouts/ui-colors.html]
[themesbrand.com/invoika/layouts/ui-cards.html]
[themesbrand.com/invoika/layouts/ui-carousel.html]
[themesbrand.com/invoika/layouts/ui-dropdowns.html]
[themesbrand.com/invoika/layouts/ui-grid.html]
[themesbrand.com/invoika/layouts/ui-images.html]
[themesbrand.com/invoika/layouts/ui-tabs.html]
[themesbrand.com/invoika/layouts/ui-accordions.html]
[themesbrand.com/invoika/layouts/ui-modals.html]
[themesbrand.com/invoika/layouts/ui-offcanvas.html]
[themesbrand.com/invoika/layouts/ui-placeholders.html]
[themesbrand.com/invoika/layouts/ui-progress.html]
[themesbrand.com/invoika/layouts/ui-notifications.html]
[themesbrand.com/invoika/layouts/ui-media.html]
[themesbrand.com/invoika/layouts/ui-embed-video.html]
[themesbrand.com/invoika/layouts/ui-typography.html]
[themesbrand.com/invoika/layouts/ui-lists.html]
[themesbrand.com/invoika/layouts/ui-general.html]
[themesbrand.com/invoika/layouts/ui-utilities.html]
[themesbrand.com/invoika/layouts/advance-ui-sweetalerts.html]
[themesbrand.com/invoika/layouts/advance-ui-nestable.html]
[themesbrand.com/invoika/layouts/advance-ui-scrollbar.html]
[themesbrand.com/invoika/layouts/advance-ui-swiper.html]
[themesbrand.com/invoika/layouts/advance-ui-ratings.html]
[themesbrand.com/invoika/layouts/advance-ui-highlight.html]
[themesbrand.com/invoika/layouts/advance-ui-scrollspy.html]
[themesbrand.com/invoika/layouts/forms-elements.html]
[themesbrand.com/invoika/layouts/forms-select.html]
[themesbrand.com/invoika/layouts/forms-checkboxs-radios.html]
[themesbrand.com/invoika/layouts/forms-pickers.html]
[themesbrand.com/invoika/layouts/forms-masks.html]
[themesbrand.com/invoika/layouts/forms-advanced.html]
[themesbrand.com/invoika/layouts/forms-range-sliders.html]
[themesbrand.com/invoika/layouts/forms-validation.html]
[themesbrand.com/invoika/layouts/forms-wizard.html]
[themesbrand.com/invoika/layouts/forms-editors.html]
[themesbrand.com/invoika/layouts/forms-file-uploads.html]
[themesbrand.com/invoika/layouts/forms-layouts.html]
[themesbrand.com/invoika/layouts/forms-tom-select.html]
[themesbrand.com/invoika/layouts/tables-basic.html]
[themesbrand.com/invoika/layouts/tables-gridjs.html]
[themesbrand.com/invoika/layouts/tables-listjs.html]
[themesbrand.com/invoika/layouts/tables-datatables.html]
[themesbrand.com/invoika/layouts/charts-apex-line.html]
[themesbrand.com/invoika/layouts/charts-apex-area.html]
[themesbrand.com/invoika/layouts/charts-apex-column.html]
[themesbrand.com/invoika/layouts/charts-apex-bar.html]
[themesbrand.com/invoika/layouts/charts-apex-mixed.html]
[themesbrand.com/invoika/layouts/charts-apex-timeline.html]
[themesbrand.com/invoika/layouts/charts-apex-candlestick.html]
[themesbrand.com/invoika/layouts/charts-apex-boxplot.html]
[themesbrand.com/invoika/layouts/charts-apex-bubble.html]
[themesbrand.com/invoika/layouts/charts-apex-scatter.html]
[themesbrand.com/invoika/layouts/charts-apex-heatmap.html]
[themesbrand.com/invoika/layouts/charts-apex-treemap.html]
[themesbrand.com/invoika/layouts/charts-apex-pie.html]
[themesbrand.com/invoika/layouts/charts-apex-radialbar.html]
[themesbrand.com/invoika/layouts/charts-apex-radar.html]
[themesbrand.com/invoika/layouts/charts-apex-polar.html]
[themesbrand.com/invoika/layouts/icons-remix.html]
[themesbrand.com/invoika/layouts/icons-boxicons.html]
[themesbrand.com/invoika/layouts/icons-materialdesign.html]
[themesbrand.com/invoika/layouts/icons-bootstrap.html]
[themesbrand.com/invoika/layouts/icons-lineawesome.html]
[themesbrand.com/invoika/layouts/maps-google.html]
[themesbrand.com/invoika/layouts/maps-vector.html]
[themesbrand.com/invoika/layouts/maps-leaflet.html]
[themesbrand.com/invoika/layouts/assets/images/create-invoice.png]
[themesbrand.com/invoika/layouts/assets/images/invoice-widget.png]
[themesbrand.com/invoika/layouts/assets/images/users/avatar-1.jpg]
[themesbrand.com/invoika/layouts/assets/images/users/avatar-6.jpg]
[themesbrand.com/invoika/layouts/assets/images/users/avatar-7.jpg]
[themesbrand.com/invoika/layouts/assets/libs/bootstrap/js/bootstrap.bundle.min.js]
[themesbrand.com/invoika/layouts/assets/libs/simplebar/simplebar.min.js]
[themesbrand.com/invoika/layouts/assets/libs/node-waves/waves.min.js]
[themesbrand.com/invoika/layouts/assets/libs/feather-icons/feather.min.js]
[themesbrand.com/invoika/layouts/assets/js/plugins.js]
[themesbrand.com/invoika/layouts/assets/libs/jsvectormap/js/jsvectormap.min.js]
[themesbrand.com/invoika/layouts/assets/libs/apexcharts/apexcharts.min.js]
[themesbrand.com/invoika/layouts/assets/libs/jsvectormap/maps/world-merc.js]
[themesbrand.com/invoika/layouts/assets/js/pages/dashboard.init.js]
[themesbrand.com/invoika/layouts/index-dark.html]
[themesbrand.com/invoika/layouts/assets/js/app.js]
[themesbrand.com/invoika/layouts/assets/libs/jsvectormap/css/jsvectormap.min.css]
[themesbrand.com/invoika/layouts/assets/css/bootstrap.min.css]
[themesbrand.com/invoika/layouts/assets/fonts/materialdesignicons-webfont1d2d.eot]
[themesbrand.com/invoika/layouts/assets/fonts/materialdesignicons-webfontd41d.eot]
[themesbrand.com/invoika/layouts/assets/fonts/materialdesignicons-webfont1d2d.woff]
[themesbrand.com/invoika/layouts/assets/fonts/materialdesignicons-webfont1d2d.ttf]
[themesbrand.com/invoika/layouts/assets/fonts/boxicons.eot]
[themesbrand.com/invoika/layouts/assets/fonts/boxicons.woff]
[themesbrand.com/invoika/layouts/assets/fonts/boxicons.ttf]
[themesbrand.com/invoika/layouts/assets/fonts/la-brands-400.eot]
[themesbrand.com/invoika/layouts/assets/fonts/la-brands-400d41d.eot]
[themesbrand.com/invoika/layouts/assets/fonts/la-brands-400.woff]
[themesbrand.com/invoika/layouts/assets/fonts/la-brands-400.ttf]
[themesbrand.com/invoika/layouts/assets/fonts/la-regular-400.eot]
[themesbrand.com/invoika/layouts/assets/fonts/la-regular-400d41d.eot]
[themesbrand.com/invoika/layouts/assets/fonts/la-regular-400.woff]
[themesbrand.com/invoika/layouts/assets/fonts/la-regular-400.ttf]
[themesbrand.com/invoika/layouts/assets/fonts/la-solid-900.eot]
[themesbrand.com/invoika/layouts/assets/fonts/la-solid-900d41d.eot]
[themesbrand.com/invoika/layouts/assets/fonts/la-solid-900.woff]
[themesbrand.com/invoika/layouts/assets/fonts/la-solid-900.ttf]
[themesbrand.com/invoika/layouts/assets/fonts/remixicondf6d.eot]
[themesbrand.com/invoika/layouts/assets/fonts/remixicondf6d.woff]
[themesbrand.com/invoika/layouts/assets/fonts/remixicondf6d.ttf]
[themesbrand.com/invoika/layouts/assets/fonts/bootstrap-iconsbf04.woff]
[themesbrand.com/invoika/layouts/assets/css/icons.min.css]
[themesbrand.com/invoika/layouts/assets/css/app.min.css]
[themesbrand.com/invoika/layouts/index.html]
[themesbrand.com/invoika/layouts/pages-search-results.html]
[themesbrand.com/invoika/layouts/assets/images/flags/us.svg]
[themesbrand.com/invoika/layouts/assets/images/flags/spain.svg]
[themesbrand.com/invoika/layouts/assets/images/flags/germany.svg]
[themesbrand.com/invoika/layouts/assets/images/flags/italy.svg]
[themesbrand.com/invoika/layouts/assets/images/flags/russia.svg]
[themesbrand.com/invoika/layouts/assets/images/flags/china.svg]
[themesbrand.com/invoika/layouts/assets/images/flags/french.svg]
[themesbrand.com/invoika/layouts/assets/images/flags/ae.svg]
[themesbrand.com/invoika/layouts/auth-lockscreen.html]
[themesbrand.com/invoika/layouts/assets/libs/sweetalert2/sweetalert2.min.css]
[themesbrand.com/invoika/layouts/assets/images/users/avatar-9.jpg]
[themesbrand.com/invoika/layouts/invoice.html]
[themesbrand.com/invoika/layouts/assets/libs/sweetalert2/sweetalert2.min.js]
[themesbrand.com/invoika/layouts/assets/libs/dropzone/dropzone.css]
[themesbrand.com/invoika/layouts/assets/libs/dropzone/dropzone-min.js]
[themesbrand.com/invoika/layouts/assets/libs/cleave.js/cleave.min.js]
[themesbrand.com/invoika/layouts/invoice-add.html]
[themesbrand.com/invoika/layouts/assets/js/pages/invoicecreate.init.js]
[themesbrand.com/invoika/layouts/invoice-details.html]
[themesbrand.com/invoika/layouts/payments.html]
[themesbrand.com/invoika/layouts/taxes.html]
[themesbrand.com/invoika/layouts/assets/images/products/img-1.png]
[themesbrand.com/invoika/layouts/assets/images/products/img-2.png]
[themesbrand.com/invoika/layouts/assets/images/products/img-3.png]
[themesbrand.com/invoika/layouts/assets/images/products/img-4.png]
[themesbrand.com/invoika/layouts/assets/images/products/img-5.png]
[themesbrand.com/invoika/layouts/assets/images/products/img-6.png]
[themesbrand.com/invoika/layouts/assets/images/products/img-7.png]
[themesbrand.com/invoika/layouts/assets/images/products/img-8.png]
[themesbrand.com/invoika/layouts/product-list.html]
[themesbrand.com/invoika/layouts/assets/images/new-document.png]
[themesbrand.com/invoika/layouts/assets/js/pages/ecommerce-product-create.init.js]
[themesbrand.com/invoika/layouts/product-add.html]
[themesbrand.com/invoika/layouts/payment-summary.html]
[themesbrand.com/invoika/layouts/sale-report.html]
[themesbrand.com/invoika/layouts/expenses-report.html]
[themesbrand.com/invoika/layouts/assets/images/users/user-dummy-img.jpg]
[themesbrand.com/invoika/layouts/user.html]
[themesbrand.com/invoika/layouts/transaction-list.html]
[themesbrand.com/invoika/layouts/transaction-new.html]
[themesbrand.com/invoika/layouts/assets/js/pages/password-addon.init.js]
[themesbrand.com/invoika/layouts/auth-signin.html]
[themesbrand.com/invoika/layouts/auth-signup.html]
[themesbrand.com/invoika/layouts/auth-pass-reset.html]
[themesbrand.com/invoika/layouts/ui-alerts.html]
[themesbrand.com/invoika/layouts/ui-badges.html]
[themesbrand.com/invoika/layouts/assets/libs/prismjs/prism.js]
[themesbrand.com/invoika/layouts/ui-buttons.html]
[themesbrand.com/invoika/layouts/ui-colors.html]
[themesbrand.com/invoika/layouts/assets/images/small/img-1.jpg]
[themesbrand.com/invoika/layouts/assets/images/small/img-2.jpg]
[themesbrand.com/invoika/layouts/assets/images/small/img-3.jpg]
[themesbrand.com/invoika/layouts/assets/images/small/img-4.jpg]
[themesbrand.com/invoika/layouts/assets/images/small/img-12.jpg]
[themesbrand.com/invoika/layouts/assets/images/small/img-5.jpg]
[themesbrand.com/invoika/layouts/assets/images/small/img-6.jpg]
[themesbrand.com/invoika/layouts/assets/images/small/img-7.jpg]
[themesbrand.com/invoika/layouts/assets/images/small/img-8.jpg]
[themesbrand.com/invoika/layouts/assets/images/small/img-10.jpg]
[themesbrand.com/invoika/layouts/assets/images/small/img-11.jpg]
[themesbrand.com/invoika/layouts/assets/images/small/img-9.jpg]
[themesbrand.com/invoika/layouts/ui-cards.html]
[themesbrand.com/invoika/layouts/ui-carousel.html]
[themesbrand.com/invoika/layouts/ui-dropdowns.html]
[themesbrand.com/invoika/layouts/ui-grid.html]
[themesbrand.com/invoika/layouts/assets/images/users/avatar-10.jpg]
[themesbrand.com/invoika/layouts/ui-images.html]
[themesbrand.com/invoika/layouts/ui-tabs.html]
[themesbrand.com/invoika/layouts/ui-accordions.html]
[themesbrand.com/invoika/layouts/assets/images/modals/success-payment.png]
[themesbrand.com/invoika/layouts/assets/images/modals/login.png]
[themesbrand.com/invoika/layouts/assets/images/modals/subscribe.png]
[themesbrand.com/invoika/layouts/assets/images/auth-one-bg.jpg]
[themesbrand.com/invoika/layouts/assets/images/modals/signup.png]
[cdn.lordicon.com/mssddfmo.js]
[themesbrand.com/invoika/layouts/ui-modals.html]
[themesbrand.com/invoika/layouts/ui-offcanvas.html]
[themesbrand.com/invoika/layouts/ui-placeholders.html]
[themesbrand.com/invoika/layouts/ui-progress.html]
[themesbrand.com/invoika/layouts/assets/js/pages/notifications.init.js]
[themesbrand.com/invoika/layouts/ui-notifications.html]
[themesbrand.com/invoika/layouts/ui-media.html]
[themesbrand.com/invoika/layouts/ui-embed-video.html]
[themesbrand.com/invoika/layouts/ui-typography.html]
[themesbrand.com/invoika/layouts/ui-lists.html]
[themesbrand.com/invoika/layouts/ui-general.html]
[themesbrand.com/invoika/layouts/ui-utilities.html]
[themesbrand.com/invoika/layouts/assets/images/sweetalert2/success-message.png]
[themesbrand.com/invoika/layouts/assets/images/sweetalert2/error-message.png]
[themesbrand.com/invoika/layouts/assets/images/sweetalert2/warning-message.png]
[themesbrand.com/invoika/layouts/assets/images/sweetalert2/join-community.png]
[themesbrand.com/invoika/layouts/assets/images/sweetalert2/email-verify.png]
[themesbrand.com/invoika/layouts/assets/images/sweetalert2/notification-message.png]
[themesbrand.com/invoika/layouts/advance-ui-sweetalerts.html]
[themesbrand.com/invoika/layouts/assets/js/pages/sweetalerts.init.js]
[themesbrand.com/invoika/layouts/assets/libs/sortablejs/Sortable.min.js]
[themesbrand.com/invoika/layouts/assets/js/pages/nestable.init.js]
[themesbrand.com/invoika/layouts/advance-ui-nestable.html]
[themesbrand.com/invoika/layouts/advance-ui-scrollbar.html]
[themesbrand.com/invoika/layouts/assets/libs/swiper/swiper-bundle.min.css]
[themesbrand.com/invoika/layouts/assets/libs/swiper/swiper-bundle.min.js]
[themesbrand.com/invoika/layouts/assets/js/pages/swiper.init.js]
[themesbrand.com/invoika/layouts/advance-ui-swiper.html]
[themesbrand.com/invoika/layouts/assets/libs/rater-js/index.js]
[themesbrand.com/invoika/layouts/assets/js/pages/rating.init.js]
[themesbrand.com/invoika/layouts/advance-ui-ratings.html]
[themesbrand.com/invoika/layouts/advance-ui-highlight.html]
[themesbrand.com/invoika/layouts/advance-ui-scrollspy.html]
[themesbrand.com/invoika/layouts/forms-elements.html]
[themesbrand.com/invoika/layouts/forms-select.html]
[themesbrand.com/invoika/layouts/forms-checkboxs-radios.html]
[themesbrand.com/invoika/layouts/assets/libs/@simonwep/pickr/themes/classic.min.css]
[themesbrand.com/invoika/layouts/assets/libs/@simonwep/pickr/themes/monolith.min.css]
[themesbrand.com/invoika/layouts/assets/libs/@simonwep/pickr/themes/nano.min.css]
[themesbrand.com/invoika/layouts/assets/libs/@simonwep/pickr/pickr.min.js]
[themesbrand.com/invoika/layouts/assets/js/pages/form-pickers.init.js]
[themesbrand.com/invoika/layouts/forms-pickers.html]
[themesbrand.com/invoika/layouts/assets/js/pages/form-masks.init.js]
[themesbrand.com/invoika/layouts/forms-masks.html]
[themesbrand.com/invoika/layouts/assets/libs/multi.js/multi.min.css]
[themesbrand.com/invoika/layouts/assets/libs/@tarekraafat/autocomplete.js/css/autoComplete.css]
[themesbrand.com/invoika/layouts/assets/libs/multi.js/multi.min.js]
[themesbrand.com/invoika/layouts/assets/libs/@tarekraafat/autocomplete.js/autoComplete.min.js]
[themesbrand.com/invoika/layouts/assets/js/pages/form-advanced.init.js]
[themesbrand.com/invoika/layouts/assets/js/pages/form-input-spin.init.js]
[themesbrand.com/invoika/layouts/assets/js/pages/flag-input.init.js]
[themesbrand.com/invoika/layouts/forms-advanced.html]
[themesbrand.com/invoika/layouts/assets/libs/nouislider/nouislider.min.css]
[themesbrand.com/invoika/layouts/assets/libs/nouislider/nouislider.min.js]
[themesbrand.com/invoika/layouts/assets/libs/wnumb/wNumb.min.js]
[themesbrand.com/invoika/layouts/forms-range-sliders.html]
[themesbrand.com/invoika/layouts/assets/js/pages/range-sliders.init.js]
[themesbrand.com/invoika/layouts/assets/js/pages/form-validation.init.js]
[themesbrand.com/invoika/layouts/forms-validation.html]
[themesbrand.com/invoika/layouts/assets/js/pages/form-wizard.init.js]
[themesbrand.com/invoika/layouts/forms-wizard.html]
[themesbrand.com/invoika/layouts/assets/js/pages/form-editor.init.js]
[themesbrand.com/invoika/layouts/forms-editors.html]
[themesbrand.com/invoika/layouts/assets/libs/@ckeditor/ckeditor5-build-classic/build/ckeditor.js]
[themesbrand.com/invoika/layouts/assets/js/pages/form-file-upload.init.js]
[themesbrand.com/invoika/layouts/forms-file-uploads.html]
[themesbrand.com/invoika/layouts/forms-layouts.html]
[themesbrand.com/invoika/layouts/assets/libs/tom-select/css/tom-select.bootstrap5.min.css]
[cdn1.iconfinder.com/data/icons/logotypes/32/702303.png]
[cdn0.iconfinder.com/data/icons/flat-round-system/512/787258.png]
[cdn0.iconfinder.com/data/icons/flat-round-system/512/787265.png]
[themesbrand.com/invoika/layouts/assets/libs/tom-select/js/tom-select.complete.min.js]
[themesbrand.com/invoika/layouts/assets/libs/tom-select/js/plugins/remove_button.js]
[themesbrand.com/invoika/layouts/assets/js/pages/tom-select.init.js]
[themesbrand.com/invoika/layouts/forms-tom-select.html]
[themesbrand.com/invoika/layouts/tables-basic.html]
[themesbrand.com/invoika/layouts/assets/libs/gridjs/theme/mermaid.min.css]
[themesbrand.com/invoika/layouts/assets/libs/gridjs/gridjs.umd.js]
[themesbrand.com/invoika/layouts/assets/js/pages/gridjs.init.js]
[themesbrand.com/invoika/layouts/tables-gridjs.html]
[themesbrand.com/invoika/layouts/assets/libs/list.js/list.min.js]
[themesbrand.com/invoika/layouts/assets/libs/list.pagination.js/list.pagination.min.js]
[themesbrand.com/invoika/layouts/tables-listjs.html]
[themesbrand.com/invoika/layouts/assets/js/pages/listjs.init.js]
[cdn.datatables.net/1.11.5/css/dataTables.bootstrap5.min.css]
[cdn.datatables.net/responsive/2.2.9/css/responsive.bootstrap.min.css]
[cdn.datatables.net/buttons/2.2.2/css/buttons.dataTables.min.css]
[code.jquery.com/jquery-3.6.0.min.js]
[cdn.datatables.net/1.11.5/js/jquery.dataTables.min.js]
[cdn.datatables.net/1.11.5/js/dataTables.bootstrap5.min.js]
[cdn.datatables.net/responsive/2.2.9/js/dataTables.responsive.min.js]
[cdn.datatables.net/buttons/2.2.2/js/dataTables.buttons.min.js]
[cdn.datatables.net/buttons/2.2.2/js/buttons.print.min.js]
[cdn.datatables.net/buttons/2.2.2/js/buttons.html5.min.js]
[cdnjs.cloudflare.com/ajax/libs/pdfmake/0.1.53/vfs_fonts.js]
[cdnjs.cloudflare.com/ajax/libs/jszip/3.1.3/jszip.min.js]
[cdnjs.cloudflare.com/ajax/libs/pdfmake/0.1.53/pdfmake.min.js]
[themesbrand.com/invoika/layouts/assets/js/pages/datatables.init.js]
[themesbrand.com/invoika/layouts/tables-datatables.html]
[apexcharts.com/samples/assets/stock-prices.js]
[themesbrand.com/invoika/layouts/charts-apex-line.html]
[themesbrand.com/invoika/layouts/assets/js/pages/apexcharts-line.init.js]
[themesbrand.com/invoika/layouts/assets/libs/moment/moment.js]
[apexcharts.com/samples/assets/github-data.js]
[apexcharts.com/samples/assets/irregular-data-series.js]
[themesbrand.com/invoika/layouts/charts-apex-area.html]
[themesbrand.com/invoika/layouts/assets/js/pages/apexcharts-area.init.js]
[cdnjs.cloudflare.com/ajax/libs/dayjs/1.11.0/dayjs.min.js]
[cdnjs.cloudflare.com/ajax/libs/dayjs/1.11.0/plugin/quarterOfYear.min.js]
[themesbrand.com/invoika/layouts/assets/js/pages/apexcharts-column.init.js]
[themesbrand.com/invoika/layouts/charts-apex-column.html]
[themesbrand.com/invoika/layouts/charts-apex-bar.html]
[themesbrand.com/invoika/layouts/assets/js/pages/apexcharts-bar.init.js]
[themesbrand.com/invoika/layouts/assets/js/pages/apexcharts-mixed.init.js]
[themesbrand.com/invoika/layouts/charts-apex-mixed.html]
[themesbrand.com/invoika/layouts/assets/libs/moment/min/moment.min.js]
[themesbrand.com/invoika/layouts/charts-apex-timeline.html]
[themesbrand.com/invoika/layouts/assets/js/pages/apexcharts-timeline.init.js]
[apexcharts.com/samples/assets/ohlc.js]
[cdnjs.cloudflare.com/ajax/libs/dayjs/1.8.17/dayjs.min.js]
[themesbrand.com/invoika/layouts/charts-apex-candlestick.html]
[themesbrand.com/invoika/layouts/assets/js/pages/apexcharts-candlestick.init.js]
[themesbrand.com/invoika/layouts/assets/js/pages/apexcharts-boxplot.init.js]
[themesbrand.com/invoika/layouts/charts-apex-boxplot.html]
[themesbrand.com/invoika/layouts/assets/js/pages/apexcharts-bubble.init.js]
[themesbrand.com/invoika/layouts/charts-apex-bubble.html]
[themesbrand.com/invoika/layouts/assets/js/pages/apexcharts-scatter.init.js]
[themesbrand.com/invoika/layouts/charts-apex-scatter.html]
[themesbrand.com/invoika/layouts/assets/js/pages/apexcharts-heatmap.init.js]
[themesbrand.com/invoika/layouts/charts-apex-heatmap.html]
[themesbrand.com/invoika/layouts/assets/js/pages/apexcharts-treemap.init.js]
[themesbrand.com/invoika/layouts/charts-apex-treemap.html]
[themesbrand.com/invoika/layouts/assets/js/pages/apexcharts-pie.init.js]
[themesbrand.com/invoika/layouts/charts-apex-pie.html]
[themesbrand.com/invoika/layouts/assets/js/pages/apexcharts-radialbar.init.js]
[themesbrand.com/invoika/layouts/charts-apex-radialbar.html]
[themesbrand.com/invoika/layouts/assets/js/pages/apexcharts-radar.init.js]
[themesbrand.com/invoika/layouts/charts-apex-radar.html]
[themesbrand.com/invoika/layouts/assets/js/pages/apexcharts-polararea.init.js]
[themesbrand.com/invoika/layouts/charts-apex-polar.html]
[themesbrand.com/invoika/layouts/icons-remix.html]
[themesbrand.com/invoika/layouts/assets/js/pages/remix-icons-listing.js]
[themesbrand.com/invoika/layouts/icons-boxicons.html]
[themesbrand.com/invoika/layouts/icons-materialdesign.html]
[themesbrand.com/invoika/layouts/assets/js/pages/materialdesign.list.js]
[themesbrand.com/invoika/layouts/icons-bootstrap.html]
[themesbrand.com/invoika/layouts/assets/js/pages/bootstrap-icons.init.js]
[themesbrand.com/invoika/layouts/icons-lineawesome.html]
[themesbrand.com/invoika/layouts/assets/libs/gmaps/gmaps.min.js]
[themesbrand.com/invoika/layouts/assets/js/pages/gmaps.init.js]
[themesbrand.com/invoika/layouts/maps-google.html]
[themesbrand.com/invoika/layouts/assets/libs/jsvectormap/maps/us-merc-en.js]
[themesbrand.com/invoika/layouts/assets/libs/jsvectormap/maps/canada.js]
[themesbrand.com/invoika/layouts/assets/libs/jsvectormap/maps/russia.js]
[themesbrand.com/invoika/layouts/assets/libs/jsvectormap/maps/spain.js]
[themesbrand.com/invoika/layouts/assets/js/pages/vector-maps.init.js]
[themesbrand.com/invoika/layouts/maps-vector.html]
[themesbrand.com/invoika/layouts/assets/libs/leaflet/leaflet.css]
[themesbrand.com/invoika/layouts/assets/libs/leaflet/leaflet.js]
[themesbrand.com/invoika/layouts/assets/js/pages/leaflet-us-states.js]
[themesbrand.com/invoika/layouts/assets/js/pages/leaflet-map.init.js]
[themesbrand.com/invoika/layouts/maps-leaflet.html]
[themesbrand.com/invoika/layouts/assets/fonts/materialdesignicons-webfont1d2d.html]
[themesbrand.com/invoika/layouts/assets/fonts/boxicons.html]
[themesbrand.com/invoika/layouts/assets/fonts/boxiconsd41d.svg]
[themesbrand.com/invoika/layouts/assets/fonts/la-brands-400.html]
[themesbrand.com/invoika/layouts/assets/fonts/la-brands-400.svg]
[themesbrand.com/invoika/layouts/assets/fonts/la-regular-400.html]
[themesbrand.com/invoika/layouts/assets/fonts/la-regular-400.svg]
[themesbrand.com/invoika/layouts/assets/fonts/la-solid-900.html]
[themesbrand.com/invoika/layouts/assets/fonts/la-solid-900.svg]
[themesbrand.com/invoika/layouts/assets/fonts/remixicondf6d.html]
[themesbrand.com/invoika/layouts/assets/fonts/remixicondf6d.svg]
[themesbrand.com/invoika/layouts/assets/fonts/bootstrap-iconsbf04.html]
[themesbrand.com/invoika/layouts/assets/libs/sweetalert2/sweetalert2.min.css]
[themesbrand.com/invoika/layouts/assets/libs/dropzone/dropzone.css]
[themesbrand.com/invoika/layouts/auth-resetpassword.html]
[themesbrand.com/invoika/layouts/assets/libs/masonry-layout/masonry.pkgd.min.html]
[themesbrand.com/invoika/layouts/assets/js/pages/card.init.html]
[themesbrand.com/invoika/layouts/auth-pass-reset-basic.html]
[themesbrand.com/invoika/layouts/assets/js/pages/modal.init.html]
[themesbrand.com/invoika/layouts/assets/libs/swiper/swiper-bundle.min.css]
[themesbrand.com/invoika/layouts/assets/libs/@simonwep/pickr/themes/classic.min.css]
[themesbrand.com/invoika/layouts/assets/libs/@simonwep/pickr/themes/monolith.min.css]
[themesbrand.com/invoika/layouts/assets/libs/@simonwep/pickr/themes/nano.min.css]
[themesbrand.com/invoika/layouts/assets/libs/multi.js/multi.min.css]
[themesbrand.com/invoika/layouts/assets/libs/@tarekraafat/autocomplete.js/css/autoComplete.css]
[themesbrand.com/invoika/layouts/assets/libs/nouislider/nouislider.min.css]
[themesbrand.com/invoika/layouts/assets/libs/tom-select/css/tom-select.bootstrap5.min.css]
[themesbrand.com/invoika/layouts/assets/images/flags/ac.svg]
[themesbrand.com/invoika/layouts/assets/images/flags/ad.svg]
[themesbrand.com/invoika/layouts/assets/images/flags/af.svg]
[themesbrand.com/invoika/layouts/assets/images/flags/ag.svg]
[themesbrand.com/invoika/layouts/assets/images/flags/ai.svg]
[themesbrand.com/invoika/layouts/assets/images/flags/am.svg]
[themesbrand.com/invoika/layouts/assets/images/flags/ao.svg]
[themesbrand.com/invoika/layouts/assets/images/flags/aq.svg]
[themesbrand.com/invoika/layouts/assets/images/flags/ar.svg]
[themesbrand.com/invoika/layouts/assets/images/flags/as.svg]
[themesbrand.com/invoika/layouts/assets/images/flags/at.svg]
[themesbrand.com/invoika/layouts/assets/images/flags/au.svg]
[themesbrand.com/invoika/layouts/assets/libs/gridjs/theme/mermaid.min.css]
[cdn.datatables.net/1.11.5/css/dataTables.bootstrap5.min.css]
[cdn.datatables.net/responsive/2.2.9/css/responsive.bootstrap.min.css]
[cdn.datatables.net/buttons/2.2.2/css/buttons.dataTables.min.css]
[themesbrand.com/invoika/layouts/assets/images/svg/crypto-icons/btc.svg]
[themesbrand.com/invoika/layouts/assets/images/svg/crypto-icons/eth.svg]
[themesbrand.com/invoika/layouts/assets/images/svg/crypto-icons/ltc.svg]
[themesbrand.com/invoika/layouts/assets/images/svg/crypto-icons/xmr.svg]
[themesbrand.com/invoika/layouts/assets/images/svg/crypto-icons/ant.svg]
[themesbrand.com/invoika/layouts/assets/images/svg/crypto-icons/sol.svg]
[themesbrand.com/invoika/layouts/assets/images/svg/crypto-icons/fil.svg]
[themesbrand.com/invoika/layouts/assets/images/svg/crypto-icons/aave.svg]
[themesbrand.com/invoika/layouts/assets/images/svg/crypto-icons/ada.svg]
[themesbrand.com/invoika/layouts/assets/libs/leaflet/images/layers.png]
[themesbrand.com/invoika/layouts/assets/libs/leaflet/images/layers-2x.png]
[themesbrand.com/invoika/layouts/assets/libs/leaflet/images/marker-icon.png]
[themesbrand.com/invoika/layouts/assets/libs/leaflet/leaflet.css]
[themesbrand.com/invoika/layouts/assets/libs/@tarekraafat/autocomplete.js/css/images/search.svg]
